=== K3III minimum near with LV ===
Pentax session already open from a previous connection; observing camera state.
Pentax init stage vendor enable succeeded; function flags 0x00000000.
Pentax preview stage start-PC-LV returned 0x2001.
Pentax preview stage get-frame returned 0x2001 (64575 bytes, 1 attempts, 13 ms).
Pentax minimum focus drive: openAvNum=28, displacement=23, opcode=0x9017, retries=0.
Pentax minimum focus drive returned response 0x2001.
live_view=ready bytes=64575
focus_near-lv=command-accepted cleanup=ok retries=0
=== K3III minimum far with LV ===
Pentax session already open from a previous connection; observing camera state.
Pentax init stage vendor enable succeeded; function flags 0x00000000.
Pentax preview stage get-frame returned 0xa008 (0 bytes, 30 attempts, 1237 ms).
Pentax preview stage restore-after-frame returned 0x2001.
focus_far-lv=failed stage=start-live-view error=Timeout reading from or writing to the port (-10) cleanup=attempted
=== K3III preview retry ===
Pentax session already open from a previous connection; observing camera state.
Pentax init stage vendor enable succeeded; function flags 0x00000000.
Pentax preview stage start-PC-LV returned 0x2001.
Pentax preview stage get-frame returned 0x2001 (62818 bytes, 1 attempts, 12 ms).
Pentax preview stage start-PC-LV returned 0x2001.
Pentax preview stage get-frame returned 0x2001 (73698 bytes, 1 attempts, 34 ms).
Pentax preview stage start-PC-LV returned 0x2001.
Pentax preview stage get-frame returned 0x2001 (61844 bytes, 1 attempts, 24 ms).
frame=1 bytes=62818 valid_jpeg=yes
frame=2 bytes=73698 valid_jpeg=yes
frame=3 bytes=61844 valid_jpeg=yes
completed_frames=3 cleanup=ok
