[2] gp_port_init_localedir: localedir has been set to /usr/local/share/locale (compile-time default)
[2] gp_port_info_list_load: Using ltdl to load io-drivers from '/home/ian/Documents/VSCodeProjects/LibGphoto2/libgphoto2/_build/libgphoto2_port/libusb1:/home/ian/Documents/VSCodeProjects/LibGphoto2/libgphoto2/_build/libgphoto2_port/usbscsi'...
[2] foreach_func: Called for filename '/home/ian/Documents/VSCodeProjects/LibGphoto2/libgphoto2/_build/libgphoto2_port/libusb1/usb1'.
[2] foreach_func: Loaded '' ('^usb:') from '/home/ian/Documents/VSCodeProjects/LibGphoto2/libgphoto2/_build/libgphoto2_port/libusb1/usb1'.
[2] foreach_func: Loaded 'Universal Serial Bus' ('usb:008,002') from '/home/ian/Documents/VSCodeProjects/LibGphoto2/libgphoto2/_build/libgphoto2_port/libusb1/usb1'.
[2] foreach_func: Loaded 'Universal Serial Bus' ('usb:001,006') from '/home/ian/Documents/VSCodeProjects/LibGphoto2/libgphoto2/_build/libgphoto2_port/libusb1/usb1'.
[2] foreach_func: Loaded 'Universal Serial Bus' ('usb:001,008') from '/home/ian/Documents/VSCodeProjects/LibGphoto2/libgphoto2/_build/libgphoto2_port/libusb1/usb1'.
[2] foreach_func: Loaded 'Universal Serial Bus' ('usb:001,007') from '/home/ian/Documents/VSCodeProjects/LibGphoto2/libgphoto2/_build/libgphoto2_port/libusb1/usb1'.
[2] foreach_func: Loaded 'Universal Serial Bus' ('usb:001,003') from '/home/ian/Documents/VSCodeProjects/LibGphoto2/libgphoto2/_build/libgphoto2_port/libusb1/usb1'.
[2] foreach_func: Called for filename '/home/ian/Documents/VSCodeProjects/LibGphoto2/libgphoto2/_build/libgphoto2_port/libusb1/usb1.so'.
[2] foreach_func: '/home/ian/Documents/VSCodeProjects/LibGphoto2/libgphoto2/_build/libgphoto2_port/libusb1/usb1.so' already loaded
[2] foreach_func: Called for filename '/home/ian/Documents/VSCodeProjects/LibGphoto2/libgphoto2/_build/libgphoto2_port/usbscsi/usbscsi'.
[2] foreach_func: Loaded 'USB Mass Storage raw SCSI' ('usbscsi:/dev/sg0') from '/home/ian/Documents/VSCodeProjects/LibGphoto2/libgphoto2/_build/libgphoto2_port/usbscsi/usbscsi'.
[2] foreach_func: Called for filename '/home/ian/Documents/VSCodeProjects/LibGphoto2/libgphoto2/_build/libgphoto2_port/usbscsi/usbscsi.so'.
[2] foreach_func: '/home/ian/Documents/VSCodeProjects/LibGphoto2/libgphoto2/_build/libgphoto2_port/usbscsi/usbscsi.so' already loaded
[2] gp_port_info_list_count: Counting entries (7 available)...
[2] gp_port_info_list_count: 6 regular entries available.
[2] gp_port_init_localedir: ignoring late call (localedir value NULL)
[2] gp_init_localedir: localedir has been set to /usr/local/share/locale (compile-time default)
[2] unlocked_gp_abilities_list_load_dir: Using ltdl to load camera libraries from '/home/ian/Documents/VSCodeProjects/LibGphoto2/libgphoto2/_build/camlibs'...
[2] foreach_func: Found '/home/ian/Documents/VSCodeProjects/LibGphoto2/libgphoto2/_build/camlibs/directory'.
[2] foreach_func: Found '/home/ian/Documents/VSCodeProjects/LibGphoto2/libgphoto2/_build/camlibs/pentax'.
[2] foreach_func: Found '/home/ian/Documents/VSCodeProjects/LibGphoto2/libgphoto2/_build/camlibs/ptp2'.
[2] unlocked_gp_abilities_list_load_dir: Found 3 camera drivers.
[2] gp_port_info_list_count: Counting entries (7 available)...
[2] gp_port_info_list_count: 6 regular entries available.
[2] gp_port_new: Creating new device...
[2] gp_port_info_list_get_info: Getting info of entry 0 (7 available)...
[2] gp_port_set_timeout: Setting port timeout to 5000 milliseconds.
[2] gp_port_set_settings: Setting settings...
[2] gp_libusb1_update: (old int=0, conf=-1, alt=-1) port usb:008,002, (new int=0, conf=-1, alt=-1) port usb:008,002
[2] gp_libusb1_update: lowlevel libusb1 port not yet opened, no need for libusb changes
[2] gp_abilities_list_detect_usb: Auto-detecting USB cameras...
[2] gp_libusb1_find_device_by_class_lib: Looking for USB device (class 0x29a, subclass, 0xffffffff, protocol 0xffffffff)...
[2] gp_libusb1_find_device_by_class_lib: Looking for USB device (class 0x6, subclass, 0x1, protocol 0x1)...
[2] gp_port_info_list_get_info: Getting info of entry 1 (7 available)...
[2] gp_port_set_timeout: Setting port timeout to 5000 milliseconds.
[2] gp_port_set_settings: Setting settings...
[2] gp_libusb1_update: (old int=0, conf=-1, alt=-1) port usb:001,006, (new int=0, conf=-1, alt=-1) port usb:001,006
[2] gp_libusb1_update: lowlevel libusb1 port not yet opened, no need for libusb changes
[2] gp_abilities_list_detect_usb: Auto-detecting USB cameras...
[2] gp_libusb1_find_device_by_class_lib: Looking for USB device (class 0x29a, subclass, 0xffffffff, protocol 0xffffffff)...
[2] gp_libusb1_find_device_lib: Looking for USB device (vendor 0x25fb, product 0x183)... found.
[2] gp_libusb1_find_device_lib: Detected defaults: config 1, interface 0, altsetting 0, inep 81, outep 02, intep 83, class 06, subclass 01
[2] gp_abilities_list_detect_usb: Found 'Pentax K-1 Mark II (PTP mode)' (0x25fb,0x183)
[2] gp_port_info_list_get_info: Getting info of entry 2 (7 available)...
[2] gp_port_set_timeout: Setting port timeout to 5000 milliseconds.
[2] gp_port_set_settings: Setting settings...
[2] gp_libusb1_update: (old int=0, conf=-1, alt=-1) port usb:001,008, (new int=0, conf=-1, alt=-1) port usb:001,008
[2] gp_libusb1_update: lowlevel libusb1 port not yet opened, no need for libusb changes
[2] gp_abilities_list_detect_usb: Auto-detecting USB cameras...
[2] gp_libusb1_find_device_by_class_lib: Looking for USB device (class 0x29a, subclass, 0xffffffff, protocol 0xffffffff)...
[2] gp_libusb1_find_device_lib: Looking for USB device (vendor 0x25fb, product 0x131)... found.
[2] gp_libusb1_find_device_lib: Detected defaults: config 1, interface 0, altsetting 0, inep 81, outep 02, intep 83, class 06, subclass 01
[2] gp_abilities_list_detect_usb: Found 'Pentax K-01 (PTP Mode)' (0x25fb,0x131)
[2] gp_port_info_list_get_info: Getting info of entry 3 (7 available)...
[2] gp_port_set_timeout: Setting port timeout to 5000 milliseconds.
[2] gp_port_set_settings: Setting settings...
[2] gp_libusb1_update: (old int=0, conf=-1, alt=-1) port usb:001,007, (new int=0, conf=-1, alt=-1) port usb:001,007
[2] gp_libusb1_update: lowlevel libusb1 port not yet opened, no need for libusb changes
[2] gp_abilities_list_detect_usb: Auto-detecting USB cameras...
[2] gp_libusb1_find_device_by_class_lib: Looking for USB device (class 0x29a, subclass, 0xffffffff, protocol 0xffffffff)...
[2] gp_libusb1_find_device_lib: Looking for USB device (vendor 0x25fb, product 0x189)... found.
[2] gp_libusb1_find_device_lib: Detected defaults: config 1, interface 0, altsetting 0, inep 81, outep 01, intep 82, class 06, subclass 01
[2] gp_abilities_list_detect_usb: Found 'Pentax K-3 Mark III (MTP mode)' (0x25fb,0x189)
[2] gp_port_info_list_get_info: Getting info of entry 4 (7 available)...
[2] gp_port_set_timeout: Setting port timeout to 5000 milliseconds.
[2] gp_port_set_settings: Setting settings...
[2] gp_libusb1_update: (old int=0, conf=-1, alt=-1) port usb:001,003, (new int=0, conf=-1, alt=-1) port usb:001,003
[2] gp_libusb1_update: lowlevel libusb1 port not yet opened, no need for libusb changes
[2] gp_abilities_list_detect_usb: Auto-detecting USB cameras...
[2] gp_libusb1_find_device_by_class_lib: Looking for USB device (class 0x29a, subclass, 0xffffffff, protocol 0xffffffff)...
[2] gp_libusb1_find_device_by_class_lib: Looking for USB device (class 0x6, subclass, 0x1, protocol 0x1)...
[2] gp_port_info_list_get_info: Getting info of entry 5 (7 available)...
[2] gp_port_set_settings: Setting settings...
[2] gp_abilities_list_detect_usb: Auto-detecting USB cameras...
[2] gp_port_free: Freeing port...
[2] gp_port_close: Closing port...
[2] gp_init_localedir: ignoring late call (localedir value NULL)
[2] unlocked_gp_abilities_list_load_dir: Using ltdl to load camera libraries from '/home/ian/Documents/VSCodeProjects/LibGphoto2/libgphoto2/_build/camlibs'...
[2] foreach_func: Found '/home/ian/Documents/VSCodeProjects/LibGphoto2/libgphoto2/_build/camlibs/directory'.
[2] foreach_func: Found '/home/ian/Documents/VSCodeProjects/LibGphoto2/libgphoto2/_build/camlibs/pentax'.
[2] foreach_func: Found '/home/ian/Documents/VSCodeProjects/LibGphoto2/libgphoto2/_build/camlibs/ptp2'.
[2] unlocked_gp_abilities_list_load_dir: Found 3 camera drivers.
[2] gp_port_new: Creating new device...
[2] gp_camera_set_abilities: Setting abilities ('Pentax K-1 Mark II (PTP mode)')...
[2] gp_port_init_localedir: ignoring late call (localedir value NULL)
[2] gp_port_info_list_load: Using ltdl to load io-drivers from '/home/ian/Documents/VSCodeProjects/LibGphoto2/libgphoto2/_build/libgphoto2_port/libusb1:/home/ian/Documents/VSCodeProjects/LibGphoto2/libgphoto2/_build/libgphoto2_port/usbscsi'...
[2] foreach_func: Called for filename '/home/ian/Documents/VSCodeProjects/LibGphoto2/libgphoto2/_build/libgphoto2_port/libusb1/usb1'.
[2] foreach_func: Loaded '' ('^usb:') from '/home/ian/Documents/VSCodeProjects/LibGphoto2/libgphoto2/_build/libgphoto2_port/libusb1/usb1'.
[2] foreach_func: Loaded 'Universal Serial Bus' ('usb:008,002') from '/home/ian/Documents/VSCodeProjects/LibGphoto2/libgphoto2/_build/libgphoto2_port/libusb1/usb1'.
[2] foreach_func: Loaded 'Universal Serial Bus' ('usb:001,006') from '/home/ian/Documents/VSCodeProjects/LibGphoto2/libgphoto2/_build/libgphoto2_port/libusb1/usb1'.
[2] foreach_func: Loaded 'Universal Serial Bus' ('usb:001,008') from '/home/ian/Documents/VSCodeProjects/LibGphoto2/libgphoto2/_build/libgphoto2_port/libusb1/usb1'.
[2] foreach_func: Loaded 'Universal Serial Bus' ('usb:001,007') from '/home/ian/Documents/VSCodeProjects/LibGphoto2/libgphoto2/_build/libgphoto2_port/libusb1/usb1'.
[2] foreach_func: Loaded 'Universal Serial Bus' ('usb:001,003') from '/home/ian/Documents/VSCodeProjects/LibGphoto2/libgphoto2/_build/libgphoto2_port/libusb1/usb1'.
[2] foreach_func: Called for filename '/home/ian/Documents/VSCodeProjects/LibGphoto2/libgphoto2/_build/libgphoto2_port/libusb1/usb1.so'.
[2] foreach_func: '/home/ian/Documents/VSCodeProjects/LibGphoto2/libgphoto2/_build/libgphoto2_port/libusb1/usb1.so' already loaded
[2] foreach_func: Called for filename '/home/ian/Documents/VSCodeProjects/LibGphoto2/libgphoto2/_build/libgphoto2_port/usbscsi/usbscsi'.
[2] foreach_func: Loaded 'USB Mass Storage raw SCSI' ('usbscsi:/dev/sg0') from '/home/ian/Documents/VSCodeProjects/LibGphoto2/libgphoto2/_build/libgphoto2_port/usbscsi/usbscsi'.
[2] foreach_func: Called for filename '/home/ian/Documents/VSCodeProjects/LibGphoto2/libgphoto2/_build/libgphoto2_port/usbscsi/usbscsi.so'.
[2] foreach_func: '/home/ian/Documents/VSCodeProjects/LibGphoto2/libgphoto2/_build/libgphoto2_port/usbscsi/usbscsi.so' already loaded
[2] gp_port_info_list_lookup_path: Looking for path 'usb:001,006' (7 entries available)...
[2] gp_port_info_list_get_info: Getting info of entry 1 (7 available)...
[2] gp_camera_set_port_info: Setting port info for port 'Universal Serial Bus' at 'usb:001,006'...
[2] gp_port_set_timeout: Setting port timeout to 5000 milliseconds.
[2] gp_port_set_settings: Setting settings...
[2] gp_libusb1_update: (old int=0, conf=-1, alt=-1) port usb:001,006, (new int=0, conf=-1, alt=-1) port usb:001,006
[2] gp_libusb1_update: lowlevel libusb1 port not yet opened, no need for libusb changes
[2] gp_camera_init: Initializing camera...
[2] gp_libusb1_find_device_lib: Looking for USB device (vendor 0x25fb, product 0x183)... found.
[2] gp_libusb1_find_device_lib: Detected defaults: config 1, interface 0, altsetting 0, inep 81, outep 02, intep 83, class 06, subclass 01
[2] gp_camera_init: Loading '/home/ian/Documents/VSCodeProjects/LibGphoto2/libgphoto2/_build/camlibs/ptp2'...
[2] gp_port_open: Opening USB port...
[2] gp_libusb1_open: ()
[2] gp_libusb1_open: claiming interface 0
[2] camera_init: maxpacketsize 512
[2] gp_settings_path: Using legacy settings path ('/home/ian/.gphoto/settings')
[2] gp_settings_path: Creating gphoto config directory ('/home/ian/.gphoto')
[2] load_settings: Loading settings from file '/home/ian/.gphoto/settings'.
[2] gp_port_set_timeout: Setting port timeout to 8000 milliseconds.
[2] ptp_usb_sendreq: Sending PTP_OC 0x1002 (Open session) (0x1) request...
[3] gp_port_write: Writing 16 = 0x10 bytes to port...
[2] ptp_usb_getresp: Reading PTP_OC 0x1002 (Open session) response...
[3] gp_port_read: Reading 1024 = 0x400 bytes from port...
[2] gp_port_set_timeout: Setting port timeout to 20000 milliseconds.
[2] ptp_usb_sendreq: Sending PTP_OC 0x1001 (Get device info) request...
[3] gp_port_write: Writing 12 = 0xc bytes to port...
[2] ptp_usb_getdata: Reading PTP_OC 0x1001 (Get device info) data...
[3] gp_port_read: Reading 1024 = 0x400 bytes from port...
[2] ptp_usb_getresp: Reading PTP_OC 0x1001 (Get device info) response...
[3] gp_port_read: Reading 1024 = 0x400 bytes from port...
[2] print_debug_deviceinfo: Device info:
[2] print_debug_deviceinfo: Manufacturer: RICOH IMAGING COMPANY, LTD.
[2] print_debug_deviceinfo:   Model: PENTAX K-1 Mark II
[2] print_debug_deviceinfo:   device version: 1.02
[2] print_debug_deviceinfo:   serial number: '7371227'
[2] print_debug_deviceinfo: Vendor extension ID: 0x00000006
[2] print_debug_deviceinfo: Vendor extension version: 100
[2] print_debug_deviceinfo: Vendor extension description: ????????????????????????????????????
[2] print_debug_deviceinfo: Functional Mode: 0x0000
[2] print_debug_deviceinfo: PTP Standard Version: 100
[2] print_debug_deviceinfo: Supported operations:
[2] print_debug_deviceinfo:   0x1001 (Get device info)
[2] print_debug_deviceinfo:   0x1002 (Open session)
[2] print_debug_deviceinfo:   0x1003 (Close session)
[2] print_debug_deviceinfo:   0x1004 (Get storage IDs)
[2] print_debug_deviceinfo:   0x1005 (Get storage info)
[2] print_debug_deviceinfo:   0x1006 (Get number of objects)
[2] print_debug_deviceinfo:   0x1007 (Get object handles)
[2] print_debug_deviceinfo:   0x1008 (Get object info)
[2] print_debug_deviceinfo:   0x1009 (Get object)
[2] print_debug_deviceinfo:   0x100a (Get thumbnail)
[2] print_debug_deviceinfo:   0x100b (Delete object)
[2] print_debug_deviceinfo:   0x100c (Send object info)
[2] print_debug_deviceinfo:   0x100d (Send object)
[2] print_debug_deviceinfo:   0x100f (Format storage)
[2] print_debug_deviceinfo:   0x1014 (Get device property description)
[2] print_debug_deviceinfo:   0x1015 (Get device property value)
[2] print_debug_deviceinfo:   0x1016 (Set device property value)
[2] print_debug_deviceinfo:   0x101b (Get partial object)
[2] print_debug_deviceinfo:   0x9801 (Get object properties supported)
[2] print_debug_deviceinfo:   0x9802 (Get object property description)
[2] print_debug_deviceinfo:   0x9803 (Get object property value)
[2] print_debug_deviceinfo:   0x9805 (Get object property list)
[2] print_debug_deviceinfo:   0x9001 (Unknown PTP_OC)
[2] print_debug_deviceinfo: Events Supported:
[2] print_debug_deviceinfo:   0x4003 (ObjectRemoved)
[2] print_debug_deviceinfo:   0x4004 (StoreAdded)
[2] print_debug_deviceinfo:   0x4005 (StoreRemoved)
[2] print_debug_deviceinfo:   0x4002 (ObjectAdded)
[2] print_debug_deviceinfo:   0xc101 (Unknown Event)
[2] print_debug_deviceinfo: Device Properties Supported:
[2] print_debug_deviceinfo:   0x5001 (Battery Level)
[2] print_debug_deviceinfo:   0x5011 (Date & Time)
[2] print_debug_deviceinfo:   0xd406 (Session Initiator Info)
[2] print_debug_deviceinfo:   0xd407 (Perceived Device Type)
[2] print_debug_deviceinfo:   0xd303 (Unknown DPC code)
[2] print_debug_deviceinfo: Device info:
[2] print_debug_deviceinfo: Manufacturer: RICOH IMAGING COMPANY, LTD.
[2] print_debug_deviceinfo:   Model: PENTAX K-1 Mark II
[2] print_debug_deviceinfo:   device version: 1.02
[2] print_debug_deviceinfo:   serial number: '7371227'
[2] print_debug_deviceinfo: Vendor extension ID: 0x00000006
[2] print_debug_deviceinfo: Vendor extension version: 100
[2] print_debug_deviceinfo: Vendor extension description: ????????????????????????????????????
[2] print_debug_deviceinfo: Functional Mode: 0x0000
[2] print_debug_deviceinfo: PTP Standard Version: 100
[2] print_debug_deviceinfo: Supported operations:
[2] print_debug_deviceinfo:   0x1001 (Get device info)
[2] print_debug_deviceinfo:   0x1002 (Open session)
[2] print_debug_deviceinfo:   0x1003 (Close session)
[2] print_debug_deviceinfo:   0x1004 (Get storage IDs)
[2] print_debug_deviceinfo:   0x1005 (Get storage info)
[2] print_debug_deviceinfo:   0x1006 (Get number of objects)
[2] print_debug_deviceinfo:   0x1007 (Get object handles)
[2] print_debug_deviceinfo:   0x1008 (Get object info)
[2] print_debug_deviceinfo:   0x1009 (Get object)
[2] print_debug_deviceinfo:   0x100a (Get thumbnail)
[2] print_debug_deviceinfo:   0x100b (Delete object)
[2] print_debug_deviceinfo:   0x100c (Send object info)
[2] print_debug_deviceinfo:   0x100d (Send object)
[2] print_debug_deviceinfo:   0x100f (Format storage)
[2] print_debug_deviceinfo:   0x1014 (Get device property description)
[2] print_debug_deviceinfo:   0x1015 (Get device property value)
[2] print_debug_deviceinfo:   0x1016 (Set device property value)
[2] print_debug_deviceinfo:   0x101b (Get partial object)
[2] print_debug_deviceinfo:   0x9801 (Get object properties supported)
[2] print_debug_deviceinfo:   0x9802 (Get object property description)
[2] print_debug_deviceinfo:   0x9803 (Get object property value)
[2] print_debug_deviceinfo:   0x9805 (Get object property list)
[2] print_debug_deviceinfo:   0x9001 (Unknown PTP_OC)
[2] print_debug_deviceinfo: Events Supported:
[2] print_debug_deviceinfo:   0x4003 (ObjectRemoved)
[2] print_debug_deviceinfo:   0x4004 (StoreAdded)
[2] print_debug_deviceinfo:   0x4005 (StoreRemoved)
[2] print_debug_deviceinfo:   0x4002 (ObjectAdded)
[2] print_debug_deviceinfo:   0xc101 (Unknown Event)
[2] print_debug_deviceinfo: Device Properties Supported:
[2] print_debug_deviceinfo:   0x5001 (Battery Level)
[2] print_debug_deviceinfo:   0x5011 (Date & Time)
[2] print_debug_deviceinfo:   0xd406 (Session Initiator Info)
[2] print_debug_deviceinfo:   0xd407 (Perceived Device Type)
[2] print_debug_deviceinfo:   0xd303 (Unknown DPC code)
[2] ptp_usb_sendreq: Sending PTP_OC 0x9001 (Unknown PTP_OC) request...
[3] gp_port_write: Writing 32 = 0x20 bytes to port...
[2] ptp_usb_getresp: Reading PTP_OC 0x9001 (Unknown PTP_OC) response...
[3] gp_port_read: Reading 1024 = 0x400 bytes from port...
[2] gp_context_status: Pentax init stage vendor enable succeeded; function flags 0x00000003.
[2] camera_init: Pentax vendor mode enabled, function flags 0x00000003
[2] ptp_usb_sendreq: Sending PTP_OC 0x1001 (Get device info) request...
[3] gp_port_write: Writing 12 = 0xc bytes to port...
[2] ptp_usb_getdata: Reading PTP_OC 0x1001 (Get device info) data...
[3] gp_port_read: Reading 1024 = 0x400 bytes from port...
[2] ptp_usb_getresp: Reading PTP_OC 0x1001 (Get device info) response...
[3] gp_port_read: Reading 1024 = 0x400 bytes from port...
[2] ptp_usb_sendreq: Sending PTP_OC 0x1004 (Get storage IDs) request...
[3] gp_port_write: Writing 12 = 0xc bytes to port...
[2] ptp_usb_getdata: Reading PTP_OC 0x1004 (Get storage IDs) data...
[3] gp_port_read: Reading 1024 = 0x400 bytes from port...
[2] ptp_usb_getresp: Reading PTP_OC 0x1004 (Get storage IDs) response...
[3] gp_port_read: Reading 1024 = 0x400 bytes from port...
[2] ptp_usb_sendreq: Sending PTP_OC 0x1007 (Get object handles) (0x10001,0x0,0xffffffff) request...
[3] gp_port_write: Writing 24 = 0x18 bytes to port...
[2] ptp_usb_getdata: Reading PTP_OC 0x1007 (Get object handles) data...
[3] gp_port_read: Reading 1024 = 0x400 bytes from port...
[2] ptp_usb_getresp: Reading PTP_OC 0x1007 (Get object handles) response...
[3] gp_port_read: Reading 1024 = 0x400 bytes from port...
[2] ptp_usb_sendreq: Sending PTP_OC 0x1007 (Get object handles) (0x30001,0x0,0xffffffff) request...
[3] gp_port_write: Writing 24 = 0x18 bytes to port...
[2] ptp_usb_getdata: Reading PTP_OC 0x1007 (Get object handles) data...
[3] gp_port_read: Reading 1024 = 0x400 bytes from port...
[2] ptp_usb_getresp: Reading PTP_OC 0x1007 (Get object handles) response...
[3] gp_port_read: Reading 1024 = 0x400 bytes from port...
[2] ptp_usb_sendreq: Sending PTP_OC 0x1007 (Get object handles) (0x40001,0x0,0xffffffff) request...
[3] gp_port_write: Writing 24 = 0x18 bytes to port...
[2] ptp_usb_getdata: Reading PTP_OC 0x1007 (Get object handles) data...
[3] gp_port_read: Reading 1024 = 0x400 bytes from port...
[2] ptp_usb_getresp: Reading PTP_OC 0x1007 (Get object handles) response...
[3] gp_port_read: Reading 1024 = 0x400 bytes from port...
[2] camera_init: camera_init done

[2] ptp_usb_sendreq: Sending PTP_OC 0x900f (Unknown VendorExtensionID) request...
[3] gp_port_write: Writing 12 = 0xc bytes to port...
[2] ptp_usb_getdata: Reading PTP_OC 0x900f (Unknown VendorExtensionID) data...
[3] gp_port_read: Reading 1024 = 0x400 bytes from port...
[2] ptp_usb_getresp: Reading PTP_OC 0x900f (Unknown VendorExtensionID) response...
[3] gp_port_read: Reading 1024 = 0x400 bytes from port...
detected: Pentax K-1 Mark II (PTP mode) @ usb:001,006
vendor_mode_enabled=1
[baseline] t=30244772ms state=0 flags=0x0 expmode=8 drive=4 bulb=1s/500 astro_limit=0 astro_flags=0x0 cap=0xf
>>> initiating capture (release_mode=0, focus_mode=2)
[2] ptp_usb_sendreq: Sending PTP_OC 0x9011 (Unknown VendorExtensionID) request...
[3] gp_port_write: Writing 32 = 0x20 bytes to port...
[2] ptp_usb_getresp: Reading PTP_OC 0x9011 (Unknown VendorExtensionID) response...
[3] gp_port_read: Reading 1024 = 0x400 bytes from port...
<<< initiate returned 0x2001 after 3ms
[2] ptp_usb_sendreq: Sending PTP_OC 0x900f (Unknown VendorExtensionID) request...
[3] gp_port_write: Writing 12 = 0xc bytes to port...
[2] ptp_usb_getdata: Reading PTP_OC 0x900f (Unknown VendorExtensionID) data...
[3] gp_port_read: Reading 1024 = 0x400 bytes from port...
[2] ptp_usb_getresp: Reading PTP_OC 0x900f (Unknown VendorExtensionID) response...
[3] gp_port_read: Reading 1024 = 0x400 bytes from port...
[poll] t=30244876ms state=0 flags=0x0 expmode=8 drive=4 bulb=1s/500 astro_limit=0 astro_flags=0x0 cap=0xf
[2] ptp_usb_sendreq: Sending PTP_OC 0x900f (Unknown VendorExtensionID) request...
[3] gp_port_write: Writing 12 = 0xc bytes to port...
[2] ptp_usb_getdata: Reading PTP_OC 0x900f (Unknown VendorExtensionID) data...
[3] gp_port_read: Reading 1024 = 0x400 bytes from port...
[2] ptp_usb_getresp: Reading PTP_OC 0x900f (Unknown VendorExtensionID) response...
[3] gp_port_read: Reading 1024 = 0x400 bytes from port...
[poll] t=30245019ms state=3 flags=0x0 expmode=8 drive=4 bulb=1s/500 astro_limit=0 astro_flags=0x0 cap=0xf
[2] ptp_usb_sendreq: Sending PTP_OC 0x900f (Unknown VendorExtensionID) request...
[3] gp_port_write: Writing 12 = 0xc bytes to port...
[2] ptp_usb_getdata: Reading PTP_OC 0x900f (Unknown VendorExtensionID) data...
[3] gp_port_read: Reading 1024 = 0x400 bytes from port...
[2] ptp_usb_getresp: Reading PTP_OC 0x900f (Unknown VendorExtensionID) response...
[3] gp_port_read: Reading 1024 = 0x400 bytes from port...
[poll] t=30245121ms state=2 flags=0x9 expmode=8 drive=4 bulb=1s/500 astro_limit=0 astro_flags=0x0 cap=0xf
[2] ptp_usb_sendreq: Sending PTP_OC 0x900f (Unknown VendorExtensionID) request...
[3] gp_port_write: Writing 12 = 0xc bytes to port...
[2] ptp_usb_getdata: Reading PTP_OC 0x900f (Unknown VendorExtensionID) data...
[3] gp_port_read: Reading 1024 = 0x400 bytes from port...
[2] ptp_usb_getresp: Reading PTP_OC 0x900f (Unknown VendorExtensionID) response...
[3] gp_port_read: Reading 1024 = 0x400 bytes from port...
[poll] t=30245223ms state=2 flags=0x9 expmode=8 drive=4 bulb=1s/500 astro_limit=0 astro_flags=0x0 cap=0xf
[2] ptp_usb_sendreq: Sending PTP_OC 0x900f (Unknown VendorExtensionID) request...
[3] gp_port_write: Writing 12 = 0xc bytes to port...
[2] ptp_usb_getdata: Reading PTP_OC 0x900f (Unknown VendorExtensionID) data...
[3] gp_port_read: Reading 1024 = 0x400 bytes from port...
[2] ptp_usb_getresp: Reading PTP_OC 0x900f (Unknown VendorExtensionID) response...
[3] gp_port_read: Reading 1024 = 0x400 bytes from port...
[poll] t=30245325ms state=2 flags=0x9 expmode=8 drive=4 bulb=1s/500 astro_limit=0 astro_flags=0x0 cap=0xf
[2] ptp_usb_sendreq: Sending PTP_OC 0x900f (Unknown VendorExtensionID) request...
[3] gp_port_write: Writing 12 = 0xc bytes to port...
[2] ptp_usb_getdata: Reading PTP_OC 0x900f (Unknown VendorExtensionID) data...
[3] gp_port_read: Reading 1024 = 0x400 bytes from port...
[2] ptp_usb_getresp: Reading PTP_OC 0x900f (Unknown VendorExtensionID) response...
[3] gp_port_read: Reading 1024 = 0x400 bytes from port...
[poll] t=30245436ms state=2 flags=0xa expmode=8 drive=4 bulb=1s/500 astro_limit=0 astro_flags=0x0 cap=0xf
[2] ptp_usb_sendreq: Sending PTP_OC 0x900f (Unknown VendorExtensionID) request...
[3] gp_port_write: Writing 12 = 0xc bytes to port...
[2] ptp_usb_getdata: Reading PTP_OC 0x900f (Unknown VendorExtensionID) data...
[3] gp_port_read: Reading 1024 = 0x400 bytes from port...
[2] ptp_usb_getresp: Reading PTP_OC 0x900f (Unknown VendorExtensionID) response...
[3] gp_port_read: Reading 1024 = 0x400 bytes from port...
[poll] t=30245539ms state=2 flags=0xa expmode=8 drive=4 bulb=1s/500 astro_limit=0 astro_flags=0x0 cap=0xf
[2] ptp_usb_sendreq: Sending PTP_OC 0x900f (Unknown VendorExtensionID) request...
[3] gp_port_write: Writing 12 = 0xc bytes to port...
[2] ptp_usb_getdata: Reading PTP_OC 0x900f (Unknown VendorExtensionID) data...
[3] gp_port_read: Reading 1024 = 0x400 bytes from port...
[2] ptp_usb_getresp: Reading PTP_OC 0x900f (Unknown VendorExtensionID) response...
[3] gp_port_read: Reading 1024 = 0x400 bytes from port...
[poll] t=30245645ms state=2 flags=0xa expmode=8 drive=4 bulb=1s/500 astro_limit=0 astro_flags=0x0 cap=0xf
[2] ptp_usb_sendreq: Sending PTP_OC 0x900f (Unknown VendorExtensionID) request...
[3] gp_port_write: Writing 12 = 0xc bytes to port...
[2] ptp_usb_getdata: Reading PTP_OC 0x900f (Unknown VendorExtensionID) data...
[3] gp_port_read: Reading 1024 = 0x400 bytes from port...
[2] ptp_usb_getresp: Reading PTP_OC 0x900f (Unknown VendorExtensionID) response...
[3] gp_port_read: Reading 1024 = 0x400 bytes from port...
[poll] t=30245748ms state=9 flags=0xe expmode=8 drive=4 bulb=1s/500 astro_limit=0 astro_flags=0x0 cap=0xf
[2] ptp_usb_sendreq: Sending PTP_OC 0x900f (Unknown VendorExtensionID) request...
[3] gp_port_write: Writing 12 = 0xc bytes to port...
[2] ptp_usb_getdata: Reading PTP_OC 0x900f (Unknown VendorExtensionID) data...
[3] gp_port_read: Reading 1024 = 0x400 bytes from port...
[2] ptp_usb_getresp: Reading PTP_OC 0x900f (Unknown VendorExtensionID) response...
[3] gp_port_read: Reading 1024 = 0x400 bytes from port...
[poll] t=30245850ms state=9 flags=0xe expmode=8 drive=4 bulb=1s/500 astro_limit=0 astro_flags=0x0 cap=0xf
[2] ptp_usb_sendreq: Sending PTP_OC 0x900f (Unknown VendorExtensionID) request...
[3] gp_port_write: Writing 12 = 0xc bytes to port...
[2] ptp_usb_getdata: Reading PTP_OC 0x900f (Unknown VendorExtensionID) data...
[3] gp_port_read: Reading 1024 = 0x400 bytes from port...
[2] ptp_usb_getresp: Reading PTP_OC 0x900f (Unknown VendorExtensionID) response...
[3] gp_port_read: Reading 1024 = 0x400 bytes from port...
[poll] t=30245952ms state=9 flags=0xe expmode=8 drive=4 bulb=1s/500 astro_limit=0 astro_flags=0x0 cap=0xf
[2] ptp_usb_sendreq: Sending PTP_OC 0x900f (Unknown VendorExtensionID) request...
[3] gp_port_write: Writing 12 = 0xc bytes to port...
[2] ptp_usb_getdata: Reading PTP_OC 0x900f (Unknown VendorExtensionID) data...
[3] gp_port_read: Reading 1024 = 0x400 bytes from port...
[2] ptp_usb_getresp: Reading PTP_OC 0x900f (Unknown VendorExtensionID) response...
[3] gp_port_read: Reading 1024 = 0x400 bytes from port...
[poll] t=30246054ms state=9 flags=0xe expmode=8 drive=4 bulb=1s/500 astro_limit=0 astro_flags=0x0 cap=0xf
[2] ptp_usb_sendreq: Sending PTP_OC 0x900f (Unknown VendorExtensionID) request...
[3] gp_port_write: Writing 12 = 0xc bytes to port...
[2] ptp_usb_getdata: Reading PTP_OC 0x900f (Unknown VendorExtensionID) data...
[3] gp_port_read: Reading 1024 = 0x400 bytes from port...
[2] ptp_usb_getresp: Reading PTP_OC 0x900f (Unknown VendorExtensionID) response...
[3] gp_port_read: Reading 1024 = 0x400 bytes from port...
[poll] t=30246156ms state=9 flags=0xe expmode=8 drive=4 bulb=1s/500 astro_limit=0 astro_flags=0x0 cap=0xf
[2] ptp_usb_sendreq: Sending PTP_OC 0x900f (Unknown VendorExtensionID) request...
[3] gp_port_write: Writing 12 = 0xc bytes to port...
[2] ptp_usb_getdata: Reading PTP_OC 0x900f (Unknown VendorExtensionID) data...
[3] gp_port_read: Reading 1024 = 0x400 bytes from port...
[2] ptp_usb_getresp: Reading PTP_OC 0x900f (Unknown VendorExtensionID) response...
[3] gp_port_read: Reading 1024 = 0x400 bytes from port...
[poll] t=30246258ms state=9 flags=0xe expmode=8 drive=4 bulb=1s/500 astro_limit=0 astro_flags=0x0 cap=0xf
[2] ptp_usb_sendreq: Sending PTP_OC 0x900f (Unknown VendorExtensionID) request...
[3] gp_port_write: Writing 12 = 0xc bytes to port...
[2] ptp_usb_getdata: Reading PTP_OC 0x900f (Unknown VendorExtensionID) data...
[3] gp_port_read: Reading 1024 = 0x400 bytes from port...
[2] ptp_usb_getresp: Reading PTP_OC 0x900f (Unknown VendorExtensionID) response...
[3] gp_port_read: Reading 1024 = 0x400 bytes from port...
[poll] t=30246360ms state=9 flags=0xe expmode=8 drive=4 bulb=1s/500 astro_limit=0 astro_flags=0x0 cap=0xf
[2] ptp_usb_sendreq: Sending PTP_OC 0x900f (Unknown VendorExtensionID) request...
[3] gp_port_write: Writing 12 = 0xc bytes to port...
[2] ptp_usb_getdata: Reading PTP_OC 0x900f (Unknown VendorExtensionID) data...
[3] gp_port_read: Reading 1024 = 0x400 bytes from port...
[2] ptp_usb_getresp: Reading PTP_OC 0x900f (Unknown VendorExtensionID) response...
[3] gp_port_read: Reading 1024 = 0x400 bytes from port...
[poll] t=30246462ms state=9 flags=0xe expmode=8 drive=4 bulb=1s/500 astro_limit=0 astro_flags=0x0 cap=0xf
>>> sending terminate capture (release_mode=0)
[2] ptp_usb_sendreq: Sending PTP_OC 0x9012 (Unknown VendorExtensionID) (0x0) request...
[3] gp_port_write: Writing 16 = 0x10 bytes to port...
[2] ptp_usb_getresp: Reading PTP_OC 0x9012 (Unknown VendorExtensionID) response...
[3] gp_port_read: Reading 1024 = 0x400 bytes from port...
<<< terminate returned 0x2001 after 0ms
[2] ptp_usb_sendreq: Sending PTP_OC 0x900f (Unknown VendorExtensionID) request...
[3] gp_port_write: Writing 12 = 0xc bytes to port...
[2] ptp_usb_getdata: Reading PTP_OC 0x900f (Unknown VendorExtensionID) data...
[3] gp_port_read: Reading 1024 = 0x400 bytes from port...
[2] ptp_usb_getresp: Reading PTP_OC 0x900f (Unknown VendorExtensionID) response...
[3] gp_port_read: Reading 1024 = 0x400 bytes from port...
[2] ptp_usb_sendreq: Sending PTP_OC 0x900f (Unknown VendorExtensionID) request...
[3] gp_port_write: Writing 12 = 0xc bytes to port...
[2] ptp_usb_getdata: Reading PTP_OC 0x900f (Unknown VendorExtensionID) data...
[3] gp_port_read: Reading 1024 = 0x400 bytes from port...
[2] ptp_usb_getresp: Reading PTP_OC 0x900f (Unknown VendorExtensionID) response...
[3] gp_port_read: Reading 1024 = 0x400 bytes from port...
[2] ptp_usb_sendreq: Sending PTP_OC 0x900f (Unknown VendorExtensionID) request...
[3] gp_port_write: Writing 12 = 0xc bytes to port...
[2] ptp_usb_getdata: Reading PTP_OC 0x900f (Unknown VendorExtensionID) data...
[3] gp_port_read: Reading 1024 = 0x400 bytes from port...
[2] ptp_usb_getresp: Reading PTP_OC 0x900f (Unknown VendorExtensionID) response...
[3] gp_port_read: Reading 1024 = 0x400 bytes from port...
[2] ptp_usb_sendreq: Sending PTP_OC 0x900f (Unknown VendorExtensionID) request...
[3] gp_port_write: Writing 12 = 0xc bytes to port...
[2] ptp_usb_getdata: Reading PTP_OC 0x900f (Unknown VendorExtensionID) data...
[3] gp_port_read: Reading 1024 = 0x400 bytes from port...
[2] ptp_usb_getresp: Reading PTP_OC 0x900f (Unknown VendorExtensionID) response...
[3] gp_port_read: Reading 1024 = 0x400 bytes from port...
[2] ptp_usb_sendreq: Sending PTP_OC 0x900f (Unknown VendorExtensionID) request...
[3] gp_port_write: Writing 12 = 0xc bytes to port...
[2] ptp_usb_getdata: Reading PTP_OC 0x900f (Unknown VendorExtensionID) data...
[3] gp_port_read: Reading 1024 = 0x400 bytes from port...
[2] ptp_usb_getresp: Reading PTP_OC 0x900f (Unknown VendorExtensionID) response...
[3] gp_port_read: Reading 1024 = 0x400 bytes from port...
[2] ptp_usb_sendreq: Sending PTP_OC 0x900f (Unknown VendorExtensionID) request...
[3] gp_port_write: Writing 12 = 0xc bytes to port...
[2] ptp_usb_getdata: Reading PTP_OC 0x900f (Unknown VendorExtensionID) data...
[3] gp_port_read: Reading 1024 = 0x400 bytes from port...
[2] ptp_usb_getresp: Reading PTP_OC 0x900f (Unknown VendorExtensionID) response...
[3] gp_port_read: Reading 1024 = 0x400 bytes from port...
[2] ptp_usb_sendreq: Sending PTP_OC 0x900f (Unknown VendorExtensionID) request...
[3] gp_port_write: Writing 12 = 0xc bytes to port...
[2] ptp_usb_getdata: Reading PTP_OC 0x900f (Unknown VendorExtensionID) data...
[3] gp_port_read: Reading 1024 = 0x400 bytes from port...
[2] ptp_usb_getresp: Reading PTP_OC 0x900f (Unknown VendorExtensionID) response...
[3] gp_port_read: Reading 1024 = 0x400 bytes from port...
[2] ptp_usb_sendreq: Sending PTP_OC 0x900f (Unknown VendorExtensionID) request...
[3] gp_port_write: Writing 12 = 0xc bytes to port...
[2] ptp_usb_getdata: Reading PTP_OC 0x900f (Unknown VendorExtensionID) data...
[3] gp_port_read: Reading 1024 = 0x400 bytes from port...
[2] ptp_usb_getresp: Reading PTP_OC 0x900f (Unknown VendorExtensionID) response...
[3] gp_port_read: Reading 1024 = 0x400 bytes from port...
[2] ptp_usb_sendreq: Sending PTP_OC 0x900f (Unknown VendorExtensionID) request...
[3] gp_port_write: Writing 12 = 0xc bytes to port...
[2] ptp_usb_getdata: Reading PTP_OC 0x900f (Unknown VendorExtensionID) data...
[3] gp_port_read: Reading 1024 = 0x400 bytes from port...
[2] ptp_usb_getresp: Reading PTP_OC 0x900f (Unknown VendorExtensionID) response...
[3] gp_port_read: Reading 1024 = 0x400 bytes from port...
[2] ptp_usb_sendreq: Sending PTP_OC 0x900f (Unknown VendorExtensionID) request...
[3] gp_port_write: Writing 12 = 0xc bytes to port...
[2] ptp_usb_getdata: Reading PTP_OC 0x900f (Unknown VendorExtensionID) data...
[3] gp_port_read: Reading 1024 = 0x400 bytes from port...
[2] ptp_usb_getresp: Reading PTP_OC 0x900f (Unknown VendorExtensionID) response...
[3] gp_port_read: Reading 1024 = 0x400 bytes from port...
[2] ptp_usb_sendreq: Sending PTP_OC 0x900f (Unknown VendorExtensionID) request...
[3] gp_port_write: Writing 12 = 0xc bytes to port...
[2] ptp_usb_getdata: Reading PTP_OC 0x900f (Unknown VendorExtensionID) data...
[3] gp_port_read: Reading 1024 = 0x400 bytes from port...
[2] ptp_usb_getresp: Reading PTP_OC 0x900f (Unknown VendorExtensionID) response...
[3] gp_port_read: Reading 1024 = 0x400 bytes from port...
[2] ptp_usb_sendreq: Sending PTP_OC 0x900f (Unknown VendorExtensionID) request...
[3] gp_port_write: Writing 12 = 0xc bytes to port...
[2] ptp_usb_getdata: Reading PTP_OC 0x900f (Unknown VendorExtensionID) data...
[3] gp_port_read: Reading 1024 = 0x400 bytes from port...
[2] ptp_usb_getresp: Reading PTP_OC 0x900f (Unknown VendorExtensionID) response...
[3] gp_port_read: Reading 1024 = 0x400 bytes from port...
[2] ptp_usb_sendreq: Sending PTP_OC 0x900f (Unknown VendorExtensionID) request...
[3] gp_port_write: Writing 12 = 0xc bytes to port...
[2] ptp_usb_getdata: Reading PTP_OC 0x900f (Unknown VendorExtensionID) data...
[3] gp_port_read: Reading 1024 = 0x400 bytes from port...
[2] ptp_usb_getresp: Reading PTP_OC 0x900f (Unknown VendorExtensionID) response...
[3] gp_port_read: Reading 1024 = 0x400 bytes from port...
[2] ptp_usb_sendreq: Sending PTP_OC 0x900f (Unknown VendorExtensionID) request...
[3] gp_port_write: Writing 12 = 0xc bytes to port...
[2] ptp_usb_getdata: Reading PTP_OC 0x900f (Unknown VendorExtensionID) data...
[3] gp_port_read: Reading 1024 = 0x400 bytes from port...
[2] ptp_usb_getresp: Reading PTP_OC 0x900f (Unknown VendorExtensionID) response...
[3] gp_port_read: Reading 1024 = 0x400 bytes from port...
[2] ptp_usb_sendreq: Sending PTP_OC 0x900f (Unknown VendorExtensionID) request...
[3] gp_port_write: Writing 12 = 0xc bytes to port...
[2] ptp_usb_getdata: Reading PTP_OC 0x900f (Unknown VendorExtensionID) data...
[3] gp_port_read: Reading 1024 = 0x400 bytes from port...
[2] ptp_usb_getresp: Reading PTP_OC 0x900f (Unknown VendorExtensionID) response...
[3] gp_port_read: Reading 1024 = 0x400 bytes from port...
[2] ptp_usb_sendreq: Sending PTP_OC 0x900f (Unknown VendorExtensionID) request...
[3] gp_port_write: Writing 12 = 0xc bytes to port...
[2] ptp_usb_getdata: Reading PTP_OC 0x900f (Unknown VendorExtensionID) data...
[3] gp_port_read: Reading 1024 = 0x400 bytes from port...
[2] ptp_usb_getresp: Reading PTP_OC 0x900f (Unknown VendorExtensionID) response...
[3] gp_port_read: Reading 1024 = 0x400 bytes from port...
[2] gp_camera_exit: Exiting camera ('Pentax K-1 Mark II (PTP mode)')...
[2] ptp_usb_sendreq: Sending PTP_OC 0x9001 (Unknown VendorExtensionID) request...
[3] gp_port_write: Writing 32 = 0x20 bytes to port...
[2] ptp_usb_getresp: Reading PTP_OC 0x9001 (Unknown VendorExtensionID) response...
[3] gp_port_read: Reading 1024 = 0x400 bytes from port...
[2] ptp_usb_sendreq: Sending PTP_OC 0x1003 (Close session) request...
[3] gp_port_write: Writing 12 = 0xc bytes to port...
[2] ptp_usb_getresp: Reading PTP_OC 0x1003 (Close session) response...
[3] gp_port_read: Reading 1024 = 0x400 bytes from port...
[2] gp_port_close: Closing port...
[2] _close_async_interrupts: canceling USB IRQ transfers
[2] gp_filesystem_reset: resetting filesystem
[2] gp_filesystem_lru_clear: Clearing fscache LRU list...
[2] gp_filesystem_lru_clear: fscache LRU list already empty
[2] delete_all_folders: Internally deleting all folders from '/'...
[2] lookup_folder: Lookup folder '/'...
[2] lookup_folder: Found! / is 0x652f48d3e810
[2] recurse_delete_folder: Recurse delete folder 0x652f48d3e810//
[2] delete_all_files: Delete all files in folder 0x652f48d3e810//
[settle] t=30246664ms state=9 flags=0xe expmode=8 drive=4 bulb=1s/500 astro_limit=0 astro_flags=0x0 cap=0xf
[settle] t=30246878ms state=9 flags=0xe expmode=8 drive=4 bulb=1s/500 astro_limit=0 astro_flags=0x0 cap=0xf
[settle] t=30247080ms state=9 flags=0xe expmode=8 drive=4 bulb=1s/500 astro_limit=0 astro_flags=0x0 cap=0xf
[settle] t=30247282ms state=9 flags=0xe expmode=8 drive=4 bulb=1s/500 astro_limit=0 astro_flags=0x0 cap=0xf
[settle] t=30247484ms state=9 flags=0xe expmode=8 drive=4 bulb=1s/500 astro_limit=0 astro_flags=0x0 cap=0xf
[settle] t=30247686ms state=9 flags=0xe expmode=8 drive=4 bulb=1s/500 astro_limit=0 astro_flags=0x0 cap=0xf
[settle] t=30247887ms state=9 flags=0xe expmode=8 drive=4 bulb=1s/500 astro_limit=0 astro_flags=0x0 cap=0xf
[settle] t=30248090ms state=9 flags=0xe expmode=8 drive=4 bulb=1s/500 astro_limit=0 astro_flags=0x0 cap=0xf
[settle] t=30248292ms state=9 flags=0xe expmode=8 drive=4 bulb=1s/500 astro_limit=0 astro_flags=0x0 cap=0xf
[settle] t=30248494ms state=9 flags=0xe expmode=8 drive=4 bulb=1s/500 astro_limit=0 astro_flags=0x0 cap=0xf
[settle] t=30248695ms state=9 flags=0xe expmode=8 drive=4 bulb=1s/500 astro_limit=0 astro_flags=0x0 cap=0xf
[settle] t=30248897ms state=9 flags=0xe expmode=8 drive=4 bulb=1s/500 astro_limit=0 astro_flags=0x0 cap=0xf
[settle] t=30249099ms state=9 flags=0xe expmode=8 drive=4 bulb=1s/500 astro_limit=0 astro_flags=0x0 cap=0xf
[settle] t=30249301ms state=9 flags=0xe expmode=8 drive=4 bulb=1s/500 astro_limit=0 astro_flags=0x0 cap=0xf
[settle] t=30249503ms state=9 flags=0xe expmode=8 drive=4 bulb=1s/500 astro_limit=0 astro_flags=0x0 cap=0xf
[final] t=30249521ms state=9 flags=0xe expmode=8 drive=4 bulb=1s/500 astro_limit=0 astro_flags=0x0 cap=0xf
