=== gphoto2 --camera "Pentax:K-01 (PTP Mode)" --port usb:001,009 --summary ===
Camera summary:
Manufacturer: PENTAX
Model: K-01
  Version: 1.05
  Serial Number: 2694123
Vendor Extension ID: 0x6 (1.0)
Vendor Extension Description: microsoft.com/DeviceServices: 1.0; 

Capture Formats: 
Display Formats: Association/Directory, DPOF, MS AVI, Apple Quicktime, JPEG, Defined Type, Undefined Type
Supported MTP Object Properties:
	Association/Directory/3001: dc01/StorageID dc02/ObjectFormat dc03/ProtectionStatus dc04/ObjectSize dc07/ObjectFileName dc0b/ParentObject dc41/PersistantUniqueObjectIdentifier dc44/Name dc08/DateCreated
	DPOF/3006: dc01/StorageID dc02/ObjectFormat dc03/ProtectionStatus dc04/ObjectSize dc07/ObjectFileName dc0b/ParentObject dc41/PersistantUniqueObjectIdentifier dc44/Name dc08/DateCreated
	MS AVI/300a: dc01/StorageID dc02/ObjectFormat dc03/ProtectionStatus dc04/ObjectSize dc07/ObjectFileName dc0b/ParentObject dc41/PersistantUniqueObjectIdentifier dc44/Name dc87/Width dc88/Height dc08/DateCreated dc89/Duration de93/SampleRate de94/NumberOfChannels de97/ScanDepth de9a/AudioBitRate de9b/VideoFourCCCodec de9c/VideoBitRate
	Apple Quicktime/300d: dc01/StorageID dc02/ObjectFormat dc03/ProtectionStatus dc04/ObjectSize dc07/ObjectFileName dc0b/ParentObject dc41/PersistantUniqueObjectIdentifier dc44/Name dc87/Width dc88/Height dc08/DateCreated dc89/Duration de93/SampleRate de94/NumberOfChannels de97/ScanDepth de9a/AudioBitRate de9b/VideoFourCCCodec de9c/VideoBitRate
	JPEG/3801: dc01/StorageID dc02/ObjectFormat dc03/ProtectionStatus dc04/ObjectSize dc07/ObjectFileName dc0b/ParentObject dc41/PersistantUniqueObjectIdentifier dc44/Name dc87/Width dc88/Height dcd3/ImageBitDepth dc08/DateCreated dc81/RepresentativeSampleFormat dc82/RepresentativeSampleSize dc83/RepresentativeSampleHeight dc84/RepresentativeSampleWidth dc86/RepresentativeSampleData
	Defined Type/3800: dc01/StorageID dc02/ObjectFormat dc03/ProtectionStatus dc04/ObjectSize dc07/ObjectFileName dc0b/ParentObject dc41/PersistantUniqueObjectIdentifier dc44/Name dc87/Width dc88/Height dcd3/ImageBitDepth dc08/DateCreated dc81/RepresentativeSampleFormat dc82/RepresentativeSampleSize dc83/RepresentativeSampleHeight dc84/RepresentativeSampleWidth dc86/RepresentativeSampleData
	Undefined Type/3000: dc01/StorageID dc02/ObjectFormat dc03/ProtectionStatus dc04/ObjectSize dc07/ObjectFileName dc0b/ParentObject dc41/PersistantUniqueObjectIdentifier dc44/Name dc87/Width dc88/Height dcd3/ImageBitDepth dc08/DateCreated dc81/RepresentativeSampleFormat dc82/RepresentativeSampleSize dc83/RepresentativeSampleHeight dc84/RepresentativeSampleWidth dc86/RepresentativeSampleData

Device Capabilities:
	File Download, File Deletion, File Upload
	No Image Capture, No Open Capture, No vendor specific capture

Storage Devices Summary:

Device Property Summary:
Battery Level             (5001 ro u8 ): Range [0 - 100, step 1] value: 0% (0)
Date & Time               (5011 ro str): '20120101T023755'
Session Initiator Info    (d406 rw str): ''
Perceived Device Type     (d407 ro u32): 1
[Unknown Property]        (d303 ro u8 ): 1


=== gphoto2 ... --list-config (pentax widgets) ===
(grep exit=1 — no matches means 0 pentax widgets)
