[2] gp_port_init_localedir: localedir has been set to /usr/local/share/locale (compile-time default)
[2] gp_port_info_list_load: Using ltdl to load io-drivers from '/tmp/iolibs'...
[2] foreach_func: Called for filename '/tmp/iolibs/libusb1'.
[2] foreach_func: Loaded '' ('^usb:') from '/tmp/iolibs/libusb1'.
[2] foreach_func: Loaded 'Universal Serial Bus' ('usb:008,002') from '/tmp/iolibs/libusb1'.
[2] foreach_func: Loaded 'Universal Serial Bus' ('usb:001,005') from '/tmp/iolibs/libusb1'.
[2] foreach_func: Loaded 'Universal Serial Bus' ('usb:001,004') from '/tmp/iolibs/libusb1'.
[2] foreach_func: Loaded 'Universal Serial Bus' ('usb:001,003') from '/tmp/iolibs/libusb1'.
[2] foreach_func: Called for filename '/tmp/iolibs/usbscsi'.
[2] foreach_func: Loaded 'USB Mass Storage raw SCSI' ('usbscsi:/dev/sg0') from '/tmp/iolibs/usbscsi'.
[2] gp_port_info_list_count: Counting entries (6 available)...
[2] gp_port_info_list_count: 5 regular entries available.
[2] gp_port_init_localedir: ignoring late call (localedir value NULL)
[2] gp_init_localedir: localedir has been set to /usr/local/share/locale (compile-time default)
[2] unlocked_gp_abilities_list_load_dir: Using ltdl to load camera libraries from '/home/ian/Documents/VSCodeProjects/LibGphoto2/libgphoto2/_build/camlibs'...
[2] foreach_func: Found '/home/ian/Documents/VSCodeProjects/LibGphoto2/libgphoto2/_build/camlibs/directory'.
[2] foreach_func: Found '/home/ian/Documents/VSCodeProjects/LibGphoto2/libgphoto2/_build/camlibs/pentax'.
[2] foreach_func: Found '/home/ian/Documents/VSCodeProjects/LibGphoto2/libgphoto2/_build/camlibs/ptp2'.
[2] unlocked_gp_abilities_list_load_dir: Found 3 camera drivers.
[2] gp_port_info_list_count: Counting entries (6 available)...
[2] gp_port_info_list_count: 5 regular entries available.
[2] gp_port_new: Creating new device...
[2] gp_port_info_list_get_info: Getting info of entry 0 (6 available)...
[2] gp_port_set_timeout: Setting port timeout to 5000 milliseconds.
[2] gp_port_set_settings: Setting settings...
[2] gp_libusb1_update: (old int=0, conf=-1, alt=-1) port usb:008,002, (new int=0, conf=-1, alt=-1) port usb:008,002
[2] gp_libusb1_update: lowlevel libusb1 port not yet opened, no need for libusb changes
[2] gp_abilities_list_detect_usb: Auto-detecting USB cameras...
[2] gp_libusb1_find_device_by_class_lib: Looking for USB device (class 0x29a, subclass, 0xffffffff, protocol 0xffffffff)...
[2] gp_libusb1_find_device_by_class_lib: Looking for USB device (class 0x6, subclass, 0x1, protocol 0x1)...
[2] gp_port_info_list_get_info: Getting info of entry 1 (6 available)...
[2] gp_port_set_timeout: Setting port timeout to 5000 milliseconds.
[2] gp_port_set_settings: Setting settings...
[2] gp_libusb1_update: (old int=0, conf=-1, alt=-1) port usb:001,005, (new int=0, conf=-1, alt=-1) port usb:001,005
[2] gp_libusb1_update: lowlevel libusb1 port not yet opened, no need for libusb changes
[2] gp_abilities_list_detect_usb: Auto-detecting USB cameras...
[2] gp_libusb1_find_device_by_class_lib: Looking for USB device (class 0x29a, subclass, 0xffffffff, protocol 0xffffffff)...
[2] gp_libusb1_find_device_lib: Looking for USB device (vendor 0x25fb, product 0x183)... found.
[2] gp_libusb1_find_device_lib: Detected defaults: config 1, interface 0, altsetting 0, inep 81, outep 02, intep 83, class 06, subclass 01
[2] gp_abilities_list_detect_usb: Found 'Pentax K-1 Mark II (PTP mode)' (0x25fb,0x183)
[2] gp_port_info_list_get_info: Getting info of entry 2 (6 available)...
[2] gp_port_set_timeout: Setting port timeout to 5000 milliseconds.
[2] gp_port_set_settings: Setting settings...
[2] gp_libusb1_update: (old int=0, conf=-1, alt=-1) port usb:001,004, (new int=0, conf=-1, alt=-1) port usb:001,004
[2] gp_libusb1_update: lowlevel libusb1 port not yet opened, no need for libusb changes
[2] gp_abilities_list_detect_usb: Auto-detecting USB cameras...
[2] gp_libusb1_find_device_by_class_lib: Looking for USB device (class 0x29a, subclass, 0xffffffff, protocol 0xffffffff)...
[2] gp_libusb1_find_device_lib: Looking for USB device (vendor 0x25fb, product 0x189)... found.
[2] gp_libusb1_find_device_lib: Detected defaults: config 1, interface 0, altsetting 0, inep 81, outep 01, intep 82, class 06, subclass 01
[2] gp_abilities_list_detect_usb: Found 'Pentax K-3 Mark III (MTP mode)' (0x25fb,0x189)
[2] gp_port_info_list_get_info: Getting info of entry 3 (6 available)...
[2] gp_port_set_timeout: Setting port timeout to 5000 milliseconds.
[2] gp_port_set_settings: Setting settings...
[2] gp_libusb1_update: (old int=0, conf=-1, alt=-1) port usb:001,003, (new int=0, conf=-1, alt=-1) port usb:001,003
[2] gp_libusb1_update: lowlevel libusb1 port not yet opened, no need for libusb changes
[2] gp_abilities_list_detect_usb: Auto-detecting USB cameras...
[2] gp_libusb1_find_device_by_class_lib: Looking for USB device (class 0x29a, subclass, 0xffffffff, protocol 0xffffffff)...
[2] gp_libusb1_find_device_by_class_lib: Looking for USB device (class 0x6, subclass, 0x1, protocol 0x1)...
[2] gp_port_info_list_get_info: Getting info of entry 4 (6 available)...
[2] gp_port_set_settings: Setting settings...
[2] gp_abilities_list_detect_usb: Auto-detecting USB cameras...
[2] gp_port_free: Freeing port...
[2] gp_port_close: Closing port...
[2] gp_init_localedir: ignoring late call (localedir value NULL)
[2] unlocked_gp_abilities_list_load_dir: Using ltdl to load camera libraries from '/home/ian/Documents/VSCodeProjects/LibGphoto2/libgphoto2/_build/camlibs'...
[2] foreach_func: Found '/home/ian/Documents/VSCodeProjects/LibGphoto2/libgphoto2/_build/camlibs/directory'.
[2] foreach_func: Found '/home/ian/Documents/VSCodeProjects/LibGphoto2/libgphoto2/_build/camlibs/pentax'.
[2] foreach_func: Found '/home/ian/Documents/VSCodeProjects/LibGphoto2/libgphoto2/_build/camlibs/ptp2'.
[2] unlocked_gp_abilities_list_load_dir: Found 3 camera drivers.
[2] gp_port_new: Creating new device...
[2] gp_camera_set_abilities: Setting abilities ('Pentax K-1 Mark II (PTP mode)')...
[2] gp_port_init_localedir: ignoring late call (localedir value NULL)
[2] gp_port_info_list_load: Using ltdl to load io-drivers from '/tmp/iolibs'...
[2] foreach_func: Called for filename '/tmp/iolibs/libusb1'.
[2] foreach_func: Loaded '' ('^usb:') from '/tmp/iolibs/libusb1'.
[2] foreach_func: Loaded 'Universal Serial Bus' ('usb:008,002') from '/tmp/iolibs/libusb1'.
[2] foreach_func: Loaded 'Universal Serial Bus' ('usb:001,005') from '/tmp/iolibs/libusb1'.
[2] foreach_func: Loaded 'Universal Serial Bus' ('usb:001,004') from '/tmp/iolibs/libusb1'.
[2] foreach_func: Loaded 'Universal Serial Bus' ('usb:001,003') from '/tmp/iolibs/libusb1'.
[2] foreach_func: Called for filename '/tmp/iolibs/usbscsi'.
[2] foreach_func: Loaded 'USB Mass Storage raw SCSI' ('usbscsi:/dev/sg0') from '/tmp/iolibs/usbscsi'.
[2] gp_port_info_list_lookup_path: Looking for path 'usb:001,005' (6 entries available)...
[2] gp_port_info_list_get_info: Getting info of entry 1 (6 available)...
[2] gp_camera_set_port_info: Setting port info for port 'Universal Serial Bus' at 'usb:001,005'...
[2] gp_port_set_timeout: Setting port timeout to 5000 milliseconds.
[2] gp_port_set_settings: Setting settings...
[2] gp_libusb1_update: (old int=0, conf=-1, alt=-1) port usb:001,005, (new int=0, conf=-1, alt=-1) port usb:001,005
[2] gp_libusb1_update: lowlevel libusb1 port not yet opened, no need for libusb changes
[2] gp_camera_init: Initializing camera...
[2] gp_libusb1_find_device_lib: Looking for USB device (vendor 0x25fb, product 0x183)... found.
[2] gp_libusb1_find_device_lib: Detected defaults: config 1, interface 0, altsetting 0, inep 81, outep 02, intep 83, class 06, subclass 01
[2] gp_camera_init: Loading '/home/ian/Documents/VSCodeProjects/LibGphoto2/libgphoto2/_build/camlibs/ptp2'...
[2] gp_port_open: Opening USB port...
[2] gp_libusb1_open: ()
[2] gp_libusb1_open: claiming interface 0
[2] camera_init: maxpacketsize 512
[2] gp_settings_path: Using legacy settings path ('/home/ian/.gphoto/settings')
[2] gp_settings_path: Creating gphoto config directory ('/home/ian/.gphoto')
[2] load_settings: Loading settings from file '/home/ian/.gphoto/settings'.
[2] gp_port_set_timeout: Setting port timeout to 8000 milliseconds.
[2] ptp_usb_sendreq: Sending PTP_OC 0x1002 (Open session) (0x1) request...
[3] gp_port_write: Writing 16 = 0x10 bytes to port...
[0] ../libgphoto2_port/libusb1/libusb1.c:678 gp_libusb1_write: 'libusb_bulk_transfer (port->pl->dh, port->settings.usb.outep, (unsigned char*)bytes, size, &curwritten, port->timeout)' failed: Operation timed out (-7)
[0] ../libgphoto2_port/libgphoto2_port/gphoto2-port.c:406 gp_port_write: Writing 16 = 0x10 bytes to port failed: Timeout reading from or writing to the port (-10)
[0] ../camlibs/ptp2/usb.c:88 ptp_usb_sendreq: PTP_OC 0x1002 sending req failed: Timeout reading from or writing to the port (-10)
[0] ../camlibs/ptp2/library.c:10160 camera_init: 'ptp_opensession (params, sessionid)' failed: PTP Timeout (0x02fa)
[0] gp_context_error: Pentax init stage OpenSession attempt 1, session 1, returned 0x02fa.
[0] gp_context_error: Pentax init recovery is issuing the existing USB control reset after OpenSession attempt 1.
[2] ptp_usb_control_device_reset_request: Sending usb device reset request.
[2] ptp_usb_sendreq: Sending PTP_OC 0x1002 (Open session) (0x1) request...
[3] gp_port_write: Writing 16 = 0x10 bytes to port...
[0] ../libgphoto2_port/libusb1/libusb1.c:678 gp_libusb1_write: 'libusb_bulk_transfer (port->pl->dh, port->settings.usb.outep, (unsigned char*)bytes, size, &curwritten, port->timeout)' failed: Operation timed out (-7)
[0] ../libgphoto2_port/libgphoto2_port/gphoto2-port.c:406 gp_port_write: Writing 16 = 0x10 bytes to port failed: Timeout reading from or writing to the port (-10)
[0] ../camlibs/ptp2/usb.c:88 ptp_usb_sendreq: PTP_OC 0x1002 sending req failed: Timeout reading from or writing to the port (-10)
[0] ../camlibs/ptp2/library.c:10160 camera_init: 'ptp_opensession (params, sessionid)' failed: PTP Timeout (0x02fa)
[0] gp_context_error: Pentax init stage OpenSession attempt 2, session 1, returned 0x02fa.
[0] gp_context_error: Pentax init recovery is issuing the existing USB control reset after OpenSession attempt 2.
[2] ptp_usb_control_device_reset_request: Sending usb device reset request.
[2] ptp_usb_sendreq: Sending PTP_OC 0x1002 (Open session) (0x1) request...
[3] gp_port_write: Writing 16 = 0x10 bytes to port...
[0] ../libgphoto2_port/libusb1/libusb1.c:678 gp_libusb1_write: 'libusb_bulk_transfer (port->pl->dh, port->settings.usb.outep, (unsigned char*)bytes, size, &curwritten, port->timeout)' failed: Operation timed out (-7)
[0] ../libgphoto2_port/libgphoto2_port/gphoto2-port.c:406 gp_port_write: Writing 16 = 0x10 bytes to port failed: Timeout reading from or writing to the port (-10)
[0] ../camlibs/ptp2/usb.c:88 ptp_usb_sendreq: PTP_OC 0x1002 sending req failed: Timeout reading from or writing to the port (-10)
[0] ../camlibs/ptp2/library.c:10160 camera_init: 'ptp_opensession (params, sessionid)' failed: PTP Timeout (0x02fa)
[0] gp_context_error: Pentax init stage OpenSession attempt 3, session 1, returned 0x02fa.
[0] ../camlibs/ptp2/library.c:10197 camera_init: 'ret' failed: 'PTP Timeout' (0x02fa)
[0] gp_context_error: PTP Timeout
[2] gp_port_close: Closing port...
[2] _close_async_interrupts: canceling USB IRQ transfers
FATAL: camera init failed (-10)
detected: Pentax K-1 Mark II (PTP mode) @ usb:001,005
