[2] gp_port_init_localedir: localedir has been set to /home/ian/.local/share/locale (compile-time default)
[2] gp_port_info_list_load: Using ltdl to load io-drivers from '/tmp/iolibs'...
[2] foreach_func: Called for filename '/tmp/iolibs/libusb1'.
[2] foreach_func: Loaded '' ('^usb:') from '/tmp/iolibs/libusb1'.
[2] foreach_func: Loaded 'Universal Serial Bus' ('usb:008,002') from '/tmp/iolibs/libusb1'.
[2] foreach_func: Loaded 'Universal Serial Bus' ('usb:001,003') from '/tmp/iolibs/libusb1'.
[2] foreach_func: Loaded 'Universal Serial Bus' ('usb:001,006') from '/tmp/iolibs/libusb1'.
[2] foreach_func: Loaded 'Universal Serial Bus' ('usb:001,005') from '/tmp/iolibs/libusb1'.
[2] foreach_func: Called for filename '/tmp/iolibs/usbscsi'.
[2] foreach_func: Loaded 'USB Mass Storage raw SCSI' ('usbscsi:/dev/sg0') from '/tmp/iolibs/usbscsi'.
[2] gp_port_info_list_count: Counting entries (6 available)...
[2] gp_port_info_list_count: 5 regular entries available.
[2] gp_port_init_localedir: ignoring late call (localedir value NULL)
[2] gp_init_localedir: localedir has been set to /home/ian/.local/share/locale (compile-time default)
[2] unlocked_gp_abilities_list_load_dir: Using ltdl to load camera libraries from '/home/ian/Documents/VSCodeProjects/LibGphoto2/libgphoto2/_build/camlibs'...
[2] foreach_func: Found '/home/ian/Documents/VSCodeProjects/LibGphoto2/libgphoto2/_build/camlibs/directory'.
[2] foreach_func: Found '/home/ian/Documents/VSCodeProjects/LibGphoto2/libgphoto2/_build/camlibs/pentax'.
[2] foreach_func: Found '/home/ian/Documents/VSCodeProjects/LibGphoto2/libgphoto2/_build/camlibs/ptp2'.
[2] unlocked_gp_abilities_list_load_dir: Found 3 camera drivers.
[2] gp_port_info_list_count: Counting entries (6 available)...
[2] gp_port_info_list_count: 5 regular entries available.
[2] gp_port_new: Creating new device...
[2] gp_port_info_list_get_info: Getting info of entry 0 (6 available)...
[2] gp_port_set_timeout: Setting port timeout to 5000 milliseconds.
[2] gp_port_set_settings: Setting settings...
[2] gp_libusb1_update: (old int=0, conf=-1, alt=-1) port usb:008,002, (new int=0, conf=-1, alt=-1) port usb:008,002
[2] gp_libusb1_update: lowlevel libusb1 port not yet opened, no need for libusb changes
[2] gp_abilities_list_detect_usb: Auto-detecting USB cameras...
[2] gp_libusb1_find_device_by_class_lib: Looking for USB device (class 0x29a, subclass, 0xffffffff, protocol 0xffffffff)...
[2] gp_libusb1_find_device_by_class_lib: Looking for USB device (class 0x6, subclass, 0x1, protocol 0x1)...
[2] gp_port_info_list_get_info: Getting info of entry 1 (6 available)...
[2] gp_port_set_timeout: Setting port timeout to 5000 milliseconds.
[2] gp_port_set_settings: Setting settings...
[2] gp_libusb1_update: (old int=0, conf=-1, alt=-1) port usb:001,003, (new int=0, conf=-1, alt=-1) port usb:001,003
[2] gp_libusb1_update: lowlevel libusb1 port not yet opened, no need for libusb changes
[2] gp_abilities_list_detect_usb: Auto-detecting USB cameras...
[2] gp_libusb1_find_device_by_class_lib: Looking for USB device (class 0x29a, subclass, 0xffffffff, protocol 0xffffffff)...
[2] gp_libusb1_find_device_lib: Looking for USB device (vendor 0x25fb, product 0x183)... found.
[2] gp_libusb1_find_device_lib: Detected defaults: config 1, interface 0, altsetting 0, inep 81, outep 02, intep 83, class 06, subclass 01
[2] gp_abilities_list_detect_usb: Found 'Pentax K-1 Mark II (PTP mode)' (0x25fb,0x183)
[2] gp_port_info_list_get_info: Getting info of entry 2 (6 available)...
[2] gp_port_set_timeout: Setting port timeout to 5000 milliseconds.
[2] gp_port_set_settings: Setting settings...
[2] gp_libusb1_update: (old int=0, conf=-1, alt=-1) port usb:001,006, (new int=0, conf=-1, alt=-1) port usb:001,006
[2] gp_libusb1_update: lowlevel libusb1 port not yet opened, no need for libusb changes
[2] gp_abilities_list_detect_usb: Auto-detecting USB cameras...
[2] gp_libusb1_find_device_by_class_lib: Looking for USB device (class 0x29a, subclass, 0xffffffff, protocol 0xffffffff)...
[2] gp_libusb1_find_device_lib: Looking for USB device (vendor 0x25fb, product 0x189)... found.
[2] gp_libusb1_find_device_lib: Detected defaults: config 1, interface 0, altsetting 0, inep 81, outep 01, intep 82, class 06, subclass 01
[2] gp_abilities_list_detect_usb: Found 'Pentax K-3 Mark III (MTP mode)' (0x25fb,0x189)
[2] gp_port_info_list_get_info: Getting info of entry 3 (6 available)...
[2] gp_port_set_timeout: Setting port timeout to 5000 milliseconds.
[2] gp_port_set_settings: Setting settings...
[2] gp_libusb1_update: (old int=0, conf=-1, alt=-1) port usb:001,005, (new int=0, conf=-1, alt=-1) port usb:001,005
[2] gp_libusb1_update: lowlevel libusb1 port not yet opened, no need for libusb changes
[2] gp_abilities_list_detect_usb: Auto-detecting USB cameras...
[2] gp_libusb1_find_device_by_class_lib: Looking for USB device (class 0x29a, subclass, 0xffffffff, protocol 0xffffffff)...
[2] gp_libusb1_find_device_by_class_lib: Looking for USB device (class 0x6, subclass, 0x1, protocol 0x1)...
[2] gp_port_info_list_get_info: Getting info of entry 4 (6 available)...
[2] gp_port_set_settings: Setting settings...
[2] gp_abilities_list_detect_usb: Auto-detecting USB cameras...
[2] gp_port_free: Freeing port...
[2] gp_port_close: Closing port...
[2] gp_init_localedir: ignoring late call (localedir value NULL)
[2] unlocked_gp_abilities_list_load_dir: Using ltdl to load camera libraries from '/home/ian/Documents/VSCodeProjects/LibGphoto2/libgphoto2/_build/camlibs'...
[2] foreach_func: Found '/home/ian/Documents/VSCodeProjects/LibGphoto2/libgphoto2/_build/camlibs/directory'.
[2] foreach_func: Found '/home/ian/Documents/VSCodeProjects/LibGphoto2/libgphoto2/_build/camlibs/pentax'.
[2] foreach_func: Found '/home/ian/Documents/VSCodeProjects/LibGphoto2/libgphoto2/_build/camlibs/ptp2'.
[2] unlocked_gp_abilities_list_load_dir: Found 3 camera drivers.
[2] gp_port_new: Creating new device...
[2] gp_camera_set_abilities: Setting abilities ('Pentax K-3 Mark III (MTP mode)')...
[2] gp_port_init_localedir: ignoring late call (localedir value NULL)
[2] gp_port_info_list_load: Using ltdl to load io-drivers from '/tmp/iolibs'...
[2] foreach_func: Called for filename '/tmp/iolibs/libusb1'.
[2] foreach_func: Loaded '' ('^usb:') from '/tmp/iolibs/libusb1'.
[2] foreach_func: Loaded 'Universal Serial Bus' ('usb:008,002') from '/tmp/iolibs/libusb1'.
[2] foreach_func: Loaded 'Universal Serial Bus' ('usb:001,003') from '/tmp/iolibs/libusb1'.
[2] foreach_func: Loaded 'Universal Serial Bus' ('usb:001,006') from '/tmp/iolibs/libusb1'.
[2] foreach_func: Loaded 'Universal Serial Bus' ('usb:001,005') from '/tmp/iolibs/libusb1'.
[2] foreach_func: Called for filename '/tmp/iolibs/usbscsi'.
[2] foreach_func: Loaded 'USB Mass Storage raw SCSI' ('usbscsi:/dev/sg0') from '/tmp/iolibs/usbscsi'.
[2] gp_port_info_list_lookup_path: Looking for path 'usb:001,006' (6 entries available)...
[2] gp_port_info_list_get_info: Getting info of entry 2 (6 available)...
[2] gp_camera_set_port_info: Setting port info for port 'Universal Serial Bus' at 'usb:001,006'...
[2] gp_port_set_timeout: Setting port timeout to 5000 milliseconds.
[2] gp_port_set_settings: Setting settings...
[2] gp_libusb1_update: (old int=0, conf=-1, alt=-1) port usb:001,006, (new int=0, conf=-1, alt=-1) port usb:001,006
[2] gp_libusb1_update: lowlevel libusb1 port not yet opened, no need for libusb changes
[2] gp_camera_init: Initializing camera...
[2] gp_libusb1_find_device_lib: Looking for USB device (vendor 0x25fb, product 0x189)... found.
[2] gp_libusb1_find_device_lib: Detected defaults: config 1, interface 0, altsetting 0, inep 81, outep 01, intep 82, class 06, subclass 01
[2] gp_camera_init: Loading '/home/ian/Documents/VSCodeProjects/LibGphoto2/libgphoto2/_build/camlibs/ptp2'...
[2] gp_port_open: Opening USB port...
[2] gp_libusb1_open: ()
[2] gp_libusb1_open: claiming interface 0
[2] camera_init: maxpacketsize 512
[2] gp_settings_path: Using legacy settings path ('/home/ian/.gphoto/settings')
[2] gp_settings_path: Creating gphoto config directory ('/home/ian/.gphoto')
[2] load_settings: Loading settings from file '/home/ian/.gphoto/settings'.
[2] gp_port_set_timeout: Setting port timeout to 8000 milliseconds.
[2] ptp_usb_sendreq: Sending PTP_OC 0x1002 (Open session) (0x1) request...
[3] gp_port_write: Writing 16 = 0x10 bytes to port...
[2] ptp_usb_getresp: Reading PTP_OC 0x1002 (Open session) response...
[3] gp_port_read: Reading 1024 = 0x400 bytes from port...
[0] ../camlibs/ptp2/usb.c:495 ptp_usb_getresp: PTP_OC 0x1002 receiving resp failed: PTP Session Already Opened (0x201e)
[0] ../camlibs/ptp2/library.c:10527 camera_init: 'ptp_opensession (params, sessionid)' failed: PTP Session Already Opened (0x201e)
[2] pentax_reconcile_reused_session: Pentax session was already opened; reconciling observed camera state
[2] gp_context_status: Pentax session already open from a previous connection; observing camera state.
[2] ptp_usb_sendreq: Sending PTP_OC 0x1015 (Get device property value) (0xd035) request...
[3] gp_port_write: Writing 16 = 0x10 bytes to port...
[2] ptp_usb_getdata: Reading PTP_OC 0x1015 (Get device property value) data...
[3] gp_port_read: Reading 1024 = 0x400 bytes from port...
[2] ptp_usb_getresp: Reading PTP_OC 0x1015 (Get device property value) response...
[2] ptp_usb_getpacket: Returning previously buffered response packet.
[0] ../camlibs/ptp2/usb.c:495 ptp_usb_getresp: PTP_OC 0x1015 receiving resp failed: PTP Unknown Vendor Code (0x2017)
[0] ../camlibs/ptp2/library.c:10299 pentax_reconcile_reused_session: reconciliation: could not read d035
[2] ptp_usb_sendreq: Sending PTP_OC 0x900f (Unknown VendorExtensionID) request...
[3] gp_port_write: Writing 12 = 0xc bytes to port...
[2] ptp_usb_getdata: Reading PTP_OC 0x900f (Unknown VendorExtensionID) data...
[3] gp_port_read: Reading 1024 = 0x400 bytes from port...
[2] ptp_usb_getresp: Reading PTP_OC 0x900f (Unknown VendorExtensionID) response...
[2] ptp_usb_getpacket: Returning previously buffered response packet.
[0] ../camlibs/ptp2/usb.c:495 ptp_usb_getresp: PTP_OC 0x900f receiving resp failed: PTP Unknown Vendor Code (0x2017)
[0] ../camlibs/ptp2/library.c:10320 pentax_reconcile_reused_session: reconciliation: GetAllConditions unreadable; marking session recovery-required
[2] ptp_usb_sendreq: Sending PTP_OC 0x1003 (Close session) request...
[3] gp_port_write: Writing 12 = 0xc bytes to port...
[2] ptp_usb_getresp: Reading PTP_OC 0x1003 (Close session) response...
[3] gp_port_read: Reading 1024 = 0x400 bytes from port...
[2] camera_init: stale Pentax session closed; reopening
[2] ptp_usb_sendreq: Sending PTP_OC 0x1002 (Open session) (0x1) request...
[3] gp_port_write: Writing 16 = 0x10 bytes to port...
[2] ptp_usb_getresp: Reading PTP_OC 0x1002 (Open session) response...
[3] gp_port_read: Reading 1024 = 0x400 bytes from port...
[2] gp_port_set_timeout: Setting port timeout to 20000 milliseconds.
[2] ptp_usb_sendreq: Sending PTP_OC 0x1001 (Get device info) request...
[3] gp_port_write: Writing 12 = 0xc bytes to port...
[2] ptp_usb_getdata: Reading PTP_OC 0x1001 (Get device info) data...
[3] gp_port_read: Reading 1024 = 0x400 bytes from port...
[2] ptp_usb_getresp: Reading PTP_OC 0x1001 (Get device info) response...
[3] gp_port_read: Reading 1024 = 0x400 bytes from port...
[2] print_debug_deviceinfo: Device info:
[2] print_debug_deviceinfo: Manufacturer: RICOH IMAGING COMPANY, LTD.
[2] print_debug_deviceinfo:   Model: PENTAX K-3 Mark III
[2] print_debug_deviceinfo:   device version: 2.20
[2] print_debug_deviceinfo:   serial number: '8093033'
[2] print_debug_deviceinfo: Vendor extension ID: 0x00000006
[2] print_debug_deviceinfo: Vendor extension version: 110
[2] print_debug_deviceinfo: Vendor extension description: microsoft.com/DeviceServices: 1.0; 
[2] print_debug_deviceinfo: Functional Mode: 0x0000
[2] print_debug_deviceinfo: PTP Standard Version: 100
[2] print_debug_deviceinfo: Supported operations:
[2] print_debug_deviceinfo:   0x1001 (Get device info)
[2] print_debug_deviceinfo:   0x1002 (Open session)
[2] print_debug_deviceinfo:   0x1003 (Close session)
[2] print_debug_deviceinfo:   0x1004 (Get storage IDs)
[2] print_debug_deviceinfo:   0x1005 (Get storage info)
[2] print_debug_deviceinfo:   0x1006 (Get number of objects)
[2] print_debug_deviceinfo:   0x1007 (Get object handles)
[2] print_debug_deviceinfo:   0x1008 (Get object info)
[2] print_debug_deviceinfo:   0x1009 (Get object)
[2] print_debug_deviceinfo:   0x100a (Get thumbnail)
[2] print_debug_deviceinfo:   0x100b (Delete object)
[2] print_debug_deviceinfo:   0x100f (Format storage)
[2] print_debug_deviceinfo:   0x1014 (Get device property description)
[2] print_debug_deviceinfo:   0x1015 (Get device property value)
[2] print_debug_deviceinfo:   0x1016 (Set device property value)
[2] print_debug_deviceinfo:   0x101b (Get partial object)
[2] print_debug_deviceinfo: Events Supported:
[2] print_debug_deviceinfo:   0x4002 (ObjectAdded)
[2] print_debug_deviceinfo:   0x4003 (ObjectRemoved)
[2] print_debug_deviceinfo:   0x4004 (StoreAdded)
[2] print_debug_deviceinfo:   0x4005 (StoreRemoved)
[2] print_debug_deviceinfo:   0x400c (StorageInfoChanged)
[2] print_debug_deviceinfo: Device Properties Supported:
[2] print_debug_deviceinfo:   0x5001 (Battery Level)
[2] print_debug_deviceinfo:   0x5011 (Date & Time)
[2] print_debug_deviceinfo:   0xd406 (Session Initiator Info)
[2] print_debug_deviceinfo:   0xd407 (Perceived Device Type)
[2] print_debug_deviceinfo:   0xd303 (Unknown DPC code)
[2] print_debug_deviceinfo: Device info:
[2] print_debug_deviceinfo: Manufacturer: RICOH IMAGING COMPANY, LTD.
[2] print_debug_deviceinfo:   Model: PENTAX K-3 Mark III
[2] print_debug_deviceinfo:   device version: 2.20
[2] print_debug_deviceinfo:   serial number: '8093033'
[2] print_debug_deviceinfo: Vendor extension ID: 0x00000006
[2] print_debug_deviceinfo: Vendor extension version: 110
[2] print_debug_deviceinfo: Vendor extension description: microsoft.com/DeviceServices: 1.0; 
[2] print_debug_deviceinfo: Functional Mode: 0x0000
[2] print_debug_deviceinfo: PTP Standard Version: 100
[2] print_debug_deviceinfo: Supported operations:
[2] print_debug_deviceinfo:   0x1001 (Get device info)
[2] print_debug_deviceinfo:   0x1002 (Open session)
[2] print_debug_deviceinfo:   0x1003 (Close session)
[2] print_debug_deviceinfo:   0x1004 (Get storage IDs)
[2] print_debug_deviceinfo:   0x1005 (Get storage info)
[2] print_debug_deviceinfo:   0x1006 (Get number of objects)
[2] print_debug_deviceinfo:   0x1007 (Get object handles)
[2] print_debug_deviceinfo:   0x1008 (Get object info)
[2] print_debug_deviceinfo:   0x1009 (Get object)
[2] print_debug_deviceinfo:   0x100a (Get thumbnail)
[2] print_debug_deviceinfo:   0x100b (Delete object)
[2] print_debug_deviceinfo:   0x100f (Format storage)
[2] print_debug_deviceinfo:   0x1014 (Get device property description)
[2] print_debug_deviceinfo:   0x1015 (Get device property value)
[2] print_debug_deviceinfo:   0x1016 (Set device property value)
[2] print_debug_deviceinfo:   0x101b (Get partial object)
[2] print_debug_deviceinfo: Events Supported:
[2] print_debug_deviceinfo:   0x4002 (ObjectAdded)
[2] print_debug_deviceinfo:   0x4003 (ObjectRemoved)
[2] print_debug_deviceinfo:   0x4004 (StoreAdded)
[2] print_debug_deviceinfo:   0x4005 (StoreRemoved)
[2] print_debug_deviceinfo:   0x400c (StorageInfoChanged)
[2] print_debug_deviceinfo: Device Properties Supported:
[2] print_debug_deviceinfo:   0x5001 (Battery Level)
[2] print_debug_deviceinfo:   0x5011 (Date & Time)
[2] print_debug_deviceinfo:   0xd406 (Session Initiator Info)
[2] print_debug_deviceinfo:   0xd407 (Perceived Device Type)
[2] print_debug_deviceinfo:   0xd303 (Unknown DPC code)
[2] ptp_usb_sendreq: Sending PTP_OC 0x9001 (Unknown PTP_OC) request...
[3] gp_port_write: Writing 32 = 0x20 bytes to port...
[2] ptp_usb_getresp: Reading PTP_OC 0x9001 (Unknown PTP_OC) response...
[3] gp_port_read: Reading 1024 = 0x400 bytes from port...
[0] ../camlibs/ptp2/usb.c:495 ptp_usb_getresp: PTP_OC 0x9001 receiving resp failed: PTP General Error (0x2002)
[0] ../camlibs/ptp2/library.c:10743 camera_init: Pentax vendor mode enable failed with 0x2002
[0] gp_context_error: Pentax init stage vendor enable returned 0x2002; vendor capture/preview/config are unavailable for this session.
[2] gp_port_close: Closing port...
[2] _close_async_interrupts: canceling USB IRQ transfers
FATAL: camera init failed (-1)
detected: Pentax K-3 Mark III (MTP mode) @ usb:001,006
